C51 COMPILER V9.53.0.0   MAIN                                                              04/17/2019 22:24:39 PAGE 1   


C51 COMPILER V9.53.0.0, COMPILATION OF MODULE MAIN
OBJECT MODULE PLACED IN .\Objects\main.obj
COMPILER INVOKED BY: D:\keil\C51\BIN\C51.EXE scr\main.c LARGE OPTIMIZE(8,SPEED) BROWSE INCDIR(.\inc) DEBUG OBJECTEXTEND 
                    -PRINT(.\Listings\main.lst) OBJECT(.\Objects\main.obj)

line level    source

   1          #include "project_config.h"
   2          
   3          sfr P0M1 = 0x93;
   4          sfr P0M0 = 0x94;
   5          sbit RST=P1^1;
   6          
   7          
   8          u8 RXBUFF[4],RXBUFF_L[4];
   9          u8 TXBUFF[4]={11,11,11,11};
  10          
  11          
  12          void Delay150us();      //@11.0592MHz
  13          
  14          void main()
  15          {
  16   1          P0M1 = 0;  
  17   1          P0M0 = 0;   //设置为准双向口
  18   1          
  19   1          run=Delay150us;//初始化指针函数防止野指针的出现
  20   1          timer0_Init();
  21   1          InitADC();
  22   1          usart2_init();
  23   1          init_NRF24L01();
  24   1              OLED_Init();                    //初始化OLED  
  25   1              OLED_Clear(); 
  26   1       //   OLED_ShowString(1,1,"34",16);
  27   1              while(1)
  28   1              {
  29   2              MotorSpeedOrDirection(1,0);
  30   2      //        sence();
  31   2      //        remote_control();
  32   2      //        nRF24L01_TX_Mode(TXBUFF);
  33   2      //        Delay150us();
  34   2      //        nRF24L01_RX_Mode(RXBUFF);
  35   2      //        Delay150us();
  36   2              }
  37   1      }
  38           
  39          void Delay150us()               //@11.0592MHz
  40          {
  41   1              unsigned char i, j;
  42   1      
  43   1              _nop_();
  44   1              _nop_();
  45   1              _nop_();
  46   1              i = 2;
  47   1              j = 153;
  48   1              do
  49   1              {
  50   2                      while (--j);
  51   2              } while (--i);
  52   1      }


C51 COMPILER V9.53.0.0   MAIN                                                              04/17/2019 22:24:39 PAGE 2   

MODULE INFORMATION:   STATIC OVERLAYABLE
   CODE SIZE        =     59    ----
   CONSTANT SIZE    =   ----    ----
   XDATA SIZE       =     16    ----
   PDATA SIZE       =   ----    ----
   DATA SIZE        =   ----    ----
   IDATA SIZE       =   ----    ----
   BIT SIZE         =   ----    ----
END OF MODULE INFORMATION.


C51 COMPILATION COMPLETE.  0 WARNING(S),  0 ERROR(S)
